// Jest Snapshot v1, https://goo.gl/fbAQLP

exports[`Generation test cases steps based on Gauge specs Create a functional test file 1`] = `
"
/* globals gauge*/
\\"use strict\\";
const {
  openBrowser,
  closeBrowser,
  client,
  switchTo,
  intercept,
  setViewPort,
  openTab,
  closeTab,
  goto,
  reload,
  title,
  click,
  doubleClick,
  rightClick,
  dragAndDrop,
  hover,
  focus,
  write,
  clear,
  attach,
  press,
  highlight,
  scrollTo,
  scrollRight,
  scrollLeft,
  scrollUp,
  scrollDown,
  screenshot,
  image,
  link,
  listItem,
  button,
  inputField,
  fileField,
  textField,
  comboBox,
  checkBox,
  radioButton,
  text,
  contains,
  toLeftOf,
  toRightOf,
  above,
  below,
  near,
  alert,
  prompt,
  confirm,
  beforeunload,
  evaluate,
  intervalSecs,
  timeoutSecs,
  to,
  into,
  waitFor,
  accept,
  dismiss
} = require(\\"taiko\\");

const assert = require(\\"assert\\");
const headless = process.env.headless_chrome.toLowerCase() === \\"true\\";

beforeSuite(async () => {
  await openBrowser({
    headless,
    args: [\\"--lang=en-US\\"]
  });
});

afterSuite(async () => {
  await closeBrowser();
});
  
step(\\"goto <x1>\\", async (x1) => {
  await goto(x1);
});

step(\\"write <x1> in <x2>\\", async (x1, x2) => {
  await write(x1);
  in(x2);
});

step(\\"click on <x1>\\", async (x1) => {
  await click(x1);
});

step(\\"search for <x1>\\", async (x1) => {
  search(x1);
});
"
`;
